FirstName1LastName1
FirstName2LastName2
FirstName3LastName3
FirstName4LastName4
FirstName5LastName5

