[
  {
    "FieldName": "lastname1",
    "Message": "Invalid template field"
  }
]
