FirstName1FirstName1
FirstName2FirstName2
FirstName3FirstName3
FirstName4FirstName4
FirstName5FirstName5

